// Jest Snapshot v1, https://goo.gl/fbAQLP

exports[`List component should List compoenent correctly 1`] = `
<div
  className="table"
>
  <div
    className="table-header"
  >
    <span>
      <button
        className="button-inline"
        onClick={[Function]}
        type="button"
      >
        Title 
        <img
          alt="sort"
          src="select-arrows.svg"
        />
      </button>
    </span>
    <span>
      <button
        className="button-inline"
        onClick={[Function]}
        type="button"
      >
        Author 
        <img
          alt="sort"
          src="select-arrows.svg"
        />
      </button>
    </span>
    <span>
      <button
        className="button-inline"
        onClick={[Function]}
        type="button"
      >
        Comments 
        <img
          alt="sort"
          src="select-arrows.svg"
        />
      </button>
    </span>
    <span>
      <button
        className="button-inline"
        onClick={[Function]}
        type="button"
      >
        Points 
        <img
          alt="sort"
          src="select-arrows.svg"
        />
      </button>
    </span>
    <span>
      Archive
    </span>
  </div>
  <div
    className="table-row"
  >
    <span>
      <a
        className="post-title"
      >
        1
      </a>
    </span>
    <span>
      1
    </span>
    <span>
      1
    </span>
    <span>
      2
    </span>
    <span>
      <button
        className="button-inline post-dismiss"
        onClick={[Function]}
        type="button"
      >
        Dismiss
      </button>
    </span>
  </div>
  <div
    className="table-row"
  >
    <span>
      <a
        className="post-title"
      >
        2
      </a>
    </span>
    <span>
      2
    </span>
    <span>
      1
    </span>
    <span>
      2
    </span>
    <span>
      <button
        className="button-inline post-dismiss"
        onClick={[Function]}
        type="button"
      >
        Dismiss
      </button>
    </span>
  </div>
</div>
`;
